// Jest Snapshot v1, https://goo.gl/fbAQLP

exports[` 1`] = `"'id' field for type Vote must be non nullable."`;

exports[` 2`] = `"'id' field for type Vote is not a scalar type."`;

exports[` 3`] = `"'id' field for type Participant is not a scalar type."`;

exports[`GqlCheckpointController generateQueryFields should work 1`] = `
"type Query {
  \\"\\"\\"Fetch the last block Checkpoint has processed.\\"\\"\\"
  _last_indexed_block: Int

  \\"\\"\\"
  Fetch the latest block number on Starknet.
          Useful for comparing how far behind this Checkpoint's _last_indexed_block is behind the latest block. 
        NOTE: Querying this field can be quite slow.
  \\"\\"\\"
  _latest_starknet_block: Int

  \\"\\"\\"
  Fetch starknet blocks (checkpoints) where a contracts interaction exists.
  \\"\\"\\"
  _checkpoints(
    \\"\\"\\"contract address to fetch checkpoint blocks\\"\\"\\"
    contract: String!

    \\"\\"\\"filter result starting from this block\\"\\"\\"
    fromBlock: Int

    \\"\\"\\"
    maximum size of blocks to return in results. defaults to 100. Max possible value is 1000.
    \\"\\"\\"
    size: Int
  ): [Int]
}"
`;

exports[`GqlEntityController createEntityStores should work 1`] = `
[MockFunction] {
  "calls": Array [
    Array [
      "

DROP TABLE IF EXISTS votes;
CREATE TABLE votes (
  id INT(128) NOT NULL,
  name VARCHAR(128),
  PRIMARY KEY (id) ,
  INDEX id (id),
  INDEX name (name)
);",
    ],
  ],
  "results": Array [
    Object {
      "type": "return",
      "value": undefined,
    },
  ],
}
`;

exports[`GqlEntityController generateQueryFields should work 1`] = `
"type Query {
  vote(id: Int!): Vote
  votes(first: Int, skip: Int, orderBy: String, orderDirection: String, where: WhereVote): [Vote]
}

type Vote {
  id: Int!
  name: String
}

input WhereVote {
  id_gt: Int
  id_gte: Int
  id_lt: Int
  id_lte: Int
  id: Int
  id_in: [Int]
  name: String
  name_in: [String]
}"
`;
